// Jest Snapshot v1, https://goo.gl/fbAQLP

exports[`any block throws when the function is missing 1`] = `"No function named \\"a\\" exists"`;

exports[`any block throws when the function is missing 2`] = `"No function named \\"a.b\\" exists"`;

exports[`any function call all other return values are appended to the payload string 1`] = `
Array [
  "  ",
  " foo ",
  " NaN ",
  " 0 ",
  " false ",
  " true ",
  " null ",
  1542386668755,
  " /.+/g ",
  " [object Object] ",
  " {} ",
  " () => {} ",
]
`;

exports[`any function call can have (a subset of) primitive values for arguments 1`] = `
Array [
  0,
  1,
  2,
  3,
  4,
  5,
  6,
  7,
  8,
  9,
  -0.5,
  true,
  false,
  null,
]
`;

exports[`any function call throws when the function is missing 1`] = `"No function named \\"a\\" exists"`;

exports[`any function call throws when the function is missing 2`] = `"No function named \\"a.b\\" exists"`;

exports[`function call with no arguments 1`] = `
Array [
  "",
  Context {
    "stack": Array [
      Object {
        "a": [Function],
      },
    ],
  },
]
`;

exports[`rendering a template with a dozen references in a row 1`] = `"1 1 1 1 1 1 1 1 1 1 1 1 "`;
