// Jest Snapshot v1, https://goo.gl/fbAQLP

exports[`any block throws when the function is missing 1`] = `"No function named \\"a\\" exists"`;

exports[`any block throws when the function is missing 2`] = `"No function named \\"a.b\\" exists"`;

exports[`any function call all other return values are appended to the payload string 1`] = `
Array [
  "  ",
  " foo ",
  " NaN ",
  " 0 ",
  " false ",
  " true ",
  " null ",
  " Fri Nov 16 2018 11:44:28 GMT-0500 (Eastern Standard Time) ",
  " /.+/g ",
  " [object Object] ",
  " {} ",
  " () => {} ",
]
`;

exports[`any function call can have (a subset of) primitive values for arguments 1`] = `
Array [
  0,
  1,
  2,
  3,
  4,
  5,
  6,
  7,
  8,
  9,
  -0.5,
  true,
  false,
  null,
]
`;

exports[`any function call throws when the function is missing 1`] = `"No function named \\"a\\" exists"`;

exports[`any function call throws when the function is missing 2`] = `"No function named \\"a.b\\" exists"`;

exports[`hb.bind() defines 'template' and 'context' on the returned function 1`] = `
Array [
  Object {
    "context": Context {
      "stack": Array [],
    },
    "template": "{{a}},{{b}}",
  },
  Object {
    "context": Context {
      "stack": Array [
        Context {
          "stack": Array [
            Object {
              "a": 1,
            },
            Object {
              "b": 2,
            },
          ],
        },
      ],
    },
  },
  Object {
    "context": Context {
      "stack": Array [
        Array [
          Object {
            "a": 1,
          },
          Object {
            "b": 2,
          },
        ],
      ],
    },
    "template": "{{a}},{{b}}",
  },
]
`;
